// Jest Snapshot v1, https://goo.gl/fbAQLP

exports[`AppointmentCard renders correctly 1`] = `
<DocumentFragment>
  <div
    class="MuiPaper-root MuiCard-root MuiPaper-elevation1 MuiPaper-rounded"
  >
    <div
      class="MuiCardContent-root"
    >
      <p
        class="MuiTypography-root makeStyles-provider-2 MuiTypography-body1 MuiTypography-colorTextSecondary"
      >
        Arveend
      </p>
      <h5
        class="MuiTypography-root MuiTypography-h5"
      />
      <p
        class="MuiTypography-root makeStyles-date-1 MuiTypography-body1"
      />
      <p
        class="MuiTypography-root MuiTypography-body2"
      />
    </div>
  </div>
</DocumentFragment>
`;
