// Jest Snapshot v1, https://goo.gl/fbAQLP

exports[`ImageBoard renders correctly 1`] = `
<DocumentFragment>
  <div
    class="makeStyles-root-1"
  >
    <div
      class="Toastify"
    />
    <ul
      class="MuiGridList-root makeStyles-gridList-5"
      style="margin: -2px;"
    />
  </div>
</DocumentFragment>
`;
