// Jest Snapshot v1, https://goo.gl/fbAQLP

exports[`ServiceCard renders correctly 1`] = `
<DocumentFragment>
  <div
    class="MuiPaper-root MuiCard-root makeStyles-cardView-1 MuiPaper-outlined MuiPaper-rounded"
  >
    <p
      class="MuiTypography-root makeStyles-title-2 MuiTypography-body1 MuiTypography-alignLeft"
    >
      Risto's Painting
    </p>
    <div />
  </div>
</DocumentFragment>
`;
