// Jest Snapshot v1, https://goo.gl/fbAQLP

exports[`Account renders correctly 1`] = `
<DocumentFragment>
  <div
    class="makeStyles-root-1"
  >
    <h2
      class="MuiTypography-root makeStyles-title-2 MuiTypography-h2"
    >
      Account Details
    </h2>
    <div>
      <svg
        aria-hidden="true"
        class="MuiSvgIcon-root makeStyles-icon-13"
        focusable="false"
        viewBox="0 0 24 24"
      >
        <path
          d="M3 5v14c0 1.1.89 2 2 2h14c1.1 0 2-.9 2-2V5c0-1.1-.9-2-2-2H5c-1.11 0-2 .9-2 2zm12 4c0 1.66-1.34 3-3 3s-3-1.34-3-3 1.34-3 3-3 3 1.34 3 3zm-9 8c0-2 4-3.1 6-3.1s6 1.1 6 3.1v1H6v-1z"
        />
      </svg>
    </div>
    <div
      class="MuiInputBase-root MuiInput-root MuiInput-underline"
    >
      <input
        class="MuiInputBase-input MuiInput-input"
        type="file"
        value=""
      />
    </div>
    <div
      class="MuiFormControl-root MuiTextField-root makeStyles-textField-3"
    >
      <label
        class="MuiFormLabel-root MuiInputLabel-root MuiInputLabel-formControl MuiInputLabel-animated"
        data-shrink="false"
        for="outlined-basic"
        id="outlined-basic-label"
      >
        First Name
      </label>
      <div
        class="MuiInputBase-root MuiInput-root MuiInput-underline MuiInputBase-formControl MuiInput-formControl"
      >
        <input
          aria-invalid="false"
          class="MuiInputBase-input MuiInput-input"
          id="outlined-basic"
          name="firstName"
          type="text"
          value=""
        />
      </div>
    </div>
    <div
      class="MuiFormControl-root MuiTextField-root makeStyles-textField-3"
    >
      <label
        class="MuiFormLabel-root MuiInputLabel-root MuiInputLabel-formControl MuiInputLabel-animated"
        data-shrink="false"
        for="outlined-basic"
        id="outlined-basic-label"
      >
        Last Name
      </label>
      <div
        class="MuiInputBase-root MuiInput-root MuiInput-underline MuiInputBase-formControl MuiInput-formControl"
      >
        <input
          aria-invalid="false"
          class="MuiInputBase-input MuiInput-input"
          id="outlined-basic"
          name="lastName"
          type="text"
          value=""
        />
      </div>
    </div>
    <div
      class="MuiFormControl-root MuiTextField-root makeStyles-textField-3"
    >
      <label
        class="MuiFormLabel-root MuiInputLabel-root MuiInputLabel-formControl MuiInputLabel-animated"
        data-shrink="false"
        for="outlined-basic"
        id="outlined-basic-label"
      >
        Username
      </label>
      <div
        class="MuiInputBase-root MuiInput-root MuiInput-underline MuiInputBase-formControl MuiInput-formControl"
      >
        <input
          aria-invalid="false"
          class="MuiInputBase-input MuiInput-input"
          id="outlined-basic"
          name="username"
          type="text"
          value=""
        />
      </div>
    </div>
    <div
      class="MuiFormControl-root MuiTextField-root makeStyles-bio-10"
    >
      <label
        class="MuiFormLabel-root MuiInputLabel-root MuiInputLabel-formControl MuiInputLabel-animated"
        data-shrink="false"
        for="outlined-basic"
        id="outlined-basic-label"
      >
        Bio
      </label>
      <div
        class="MuiInputBase-root MuiInput-root MuiInput-underline MuiInputBase-formControl MuiInput-formControl MuiInputBase-multiline MuiInput-multiline"
      >
        <textarea
          aria-invalid="false"
          class="MuiInputBase-input MuiInput-input MuiInputBase-inputMultiline MuiInput-inputMultiline"
          id="outlined-basic"
          name="bio"
          rows="1"
          style="height: 0px; overflow: hidden;"
        />
        <textarea
          aria-hidden="true"
          class="MuiInputBase-input MuiInput-input MuiInputBase-inputMultiline MuiInput-inputMultiline"
          readonly=""
          style="visibility: hidden; position: absolute; overflow: hidden; height: 0px; top: 0px; left: 0px; transform: translateZ(0); width: 100%;"
          tabindex="-1"
        />
      </div>
    </div>
    <button
      class="MuiButtonBase-root MuiButton-root MuiButton-contained makeStyles-button-5"
      tabindex="0"
      type="button"
    >
      <span
        class="MuiButton-label"
      >
        Update Password
      </span>
      <span
        class="MuiTouchRipple-root"
      />
    </button>
    <div
      class="makeStyles-buttonContainer-6"
    >
      <button
        class="MuiButtonBase-root MuiButton-root MuiButton-contained makeStyles-button-5"
        tabindex="0"
        type="button"
      >
        <span
          class="MuiButton-label"
        >
          Update Info
        </span>
        <span
          class="MuiTouchRipple-root"
        />
      </button>
      <button
        class="MuiButtonBase-root MuiButton-root MuiButton-contained makeStyles-button-5"
        tabindex="0"
        type="button"
      >
        <span
          class="MuiButton-label"
        >
          Logout
        </span>
        <span
          class="MuiTouchRipple-root"
        />
      </button>
    </div>
    <button
      class="MuiButtonBase-root MuiIconButton-root makeStyles-accountBtn-8"
      tabindex="0"
      type="button"
    >
      <span
        class="MuiIconButton-label"
      >
        <svg
          aria-hidden="true"
          class="MuiSvgIcon-root makeStyles-arrowIcon-9"
          focusable="false"
          viewBox="0 0 24 24"
        >
          <path
            d="M20 11H7.83l5.59-5.59L12 4l-8 8 8 8 1.41-1.41L7.83 13H20v-2z"
          />
        </svg>
      </span>
      <span
        class="MuiTouchRipple-root"
      />
    </button>
  </div>
</DocumentFragment>
`;
