// Jest Snapshot v1, https://goo.gl/fbAQLP

exports[`Login renders correctly 1`] = `
<DocumentFragment>
  <div
    class="makeStyles-root-1"
  >
    <h2
      class="MuiTypography-root makeStyles-title-4 MuiTypography-h2"
    >
      Login
    </h2>
    <div
      class="MuiFormControl-root MuiTextField-root makeStyles-textField-2"
    >
      <label
        class="MuiFormLabel-root MuiInputLabel-root MuiInputLabel-formControl MuiInputLabel-animated"
        data-shrink="false"
        for="outlined-basic"
        id="outlined-basic-label"
      >
        username
      </label>
      <div
        class="MuiInputBase-root MuiInput-root MuiInput-underline MuiInputBase-formControl MuiInput-formControl"
      >
        <input
          aria-invalid="false"
          class="MuiInputBase-input MuiInput-input"
          id="outlined-basic"
          name="username"
          type="text"
          value=""
        />
      </div>
    </div>
    <div
      class="MuiFormControl-root MuiTextField-root makeStyles-textField-2"
    >
      <label
        class="MuiFormLabel-root MuiInputLabel-root MuiInputLabel-formControl MuiInputLabel-animated"
        data-shrink="false"
        for="outlined-password-input"
        id="outlined-password-input-label"
      >
        password
      </label>
      <div
        class="MuiInputBase-root MuiInput-root MuiInput-underline MuiInputBase-formControl MuiInput-formControl"
      >
        <input
          aria-invalid="false"
          autocomplete="current-password"
          class="MuiInputBase-input MuiInput-input"
          id="outlined-password-input"
          name="password"
          type="password"
          value=""
        />
      </div>
    </div>
    <button
      class="MuiButtonBase-root MuiButton-root MuiButton-contained makeStyles-button-3"
      tabindex="0"
      type="button"
    >
      <span
        class="MuiButton-label"
      >
        Login
      </span>
      <span
        class="MuiTouchRipple-root"
      />
    </button>
    <button
      class="MuiButtonBase-root MuiButton-root MuiButton-contained makeStyles-button-3"
      tabindex="0"
      type="button"
    >
      <span
        class="MuiButton-label"
      >
        Sign up
      </span>
      <span
        class="MuiTouchRipple-root"
      />
    </button>
  </div>
</DocumentFragment>
`;
